exports[`AwesomeProject should work 0`] = `<View
  style={
    Object {
      "flex": 1,
      "justifyContent": "center",
      "alignItems": "center",
      "backgroundColor": "#F5FCFF"
    }
  }>
  <Text
    style={
      Object {
        "fontSize": 20,
        "textAlign": "center",
        "margin": 10
      }
    }>
    Welcome to React Native!
  </Text>
  <Text
    style={
      Object {
        "textAlign": "center",
        "color": "#333333",
        "marginBottom": 5
      }
    }>
    To get started, edit index.ios.js
  </Text>
  <Text
    style={
      Object {
        "textAlign": "center",
        "color": "#333333",
        "marginBottom": 5
      }
    }>
    Press Cmd+R to reload,
    
    
    Cmd+D or shake for dev menu
  </Text>
</View>`;
